// Jest Snapshot v1, https://goo.gl/fbAQLP

exports[`<Bank /> <Bank /> snapshot 1`] = `
<View
  style={
    Object {
      "backgroundColor": "#FFFFFF",
      "borderRadius": 5,
      "elevation": 3,
      "flexDirection": "row",
      "paddingHorizontal": 20,
      "paddingVertical": 15,
      "shadowColor": "#0D0D0D",
      "shadowOffset": Object {
        "height": 1,
        "width": 0,
      },
      "shadowOpacity": 1,
      "shadowRadius": 1,
    }
  }
>
  <Image
    resizeMode="stretch"
    source={
      Object {
        "uri": "https://firebasestorage.googleapis.com/v0/b/stagingpagatodo-286214.appspot.com/o/Challenge%2Flogo-pagatodo.jpeg?alt=media&token=38b6ac4d-85ac-4288-bada-88eb5a0dec20",
      }
    }
    style={
      Object {
        "height": 90,
        "width": 55,
      }
    }
  />
  <View
    style={
      Object {
        "flex": 1,
        "marginLeft": 15,
      }
    }
  >
    <Text
      style={
        Object {
          "color": "#4A4A4A",
          "fontSize": 17,
          "fontWeight": "bold",
        }
      }
    >
      Paga Todo
    </Text>
    <Text
      style={
        Object {
          "color": "#4A4A4A",
          "fontSize": 15,
          "fontWeight": "500",
        }
      }
    >
      Banco Paga Todo es Para Todos
    </Text>
    <View
      style={
        Object {
          "alignItems": "center",
          "flexDirection": "row",
          "justifyContent": "flex-end",
        }
      }
    >
      <Text
        style={
          Object {
            "color": "#4A4A4A",
            "fontSize": 17,
            "fontWeight": "bold",
          }
        }
      >
        edad: 
      </Text>
      <Text
        style={
          Object {
            "color": "#4A4A4A",
            "fontSize": 15,
            "fontWeight": "500",
          }
        }
      >
        10
      </Text>
    </View>
  </View>
</View>
`;
